// Jest Snapshot v1, https://goo.gl/fbAQLP

exports[`<ArticleLikesButton /> should match the snapshot 1`] = `
<ContextConsumer>
  <Component />
</ContextConsumer>
`;

exports[`<Articles /> should match the snapshot 1`] = `
<ContextConsumer>
  <Component />
</ContextConsumer>
`;
