// Jest Snapshot v1, https://goo.gl/fbAQLP

exports[`LoginContainer should render correctly in "debug" mode 1`] = `
<div
  className="row login-container"
>
  <WelcomeSection />
  <Connect(LoginForm) />
</div>
`;
