// Jest Snapshot v1, https://goo.gl/fbAQLP

exports[`<RegisterRedirectActivated /> should match the snapshoot 1`] = `
<div
  className="row"
>
  <div
    className="bg-circle-1 bg-circle"
  />
  <div
    className="bg-circle-2 bg-circle"
  />
  <div
    className="bg-circle-3 bg-circle"
  />
  <div
    className="register-redirect-modal"
  >
    <img
      alt="success-icon"
      id="success-icon"
      src={null}
    />
    <p>
      Account Activated!
    </p>
    <a
      href="/"
    >
      You can now login here
    </a>
  </div>
</div>
`;
