// Jest Snapshot v1, https://goo.gl/fbAQLP

exports[`<CommentsContainer /> render all expected pieces 1`] = `
<ContextConsumer>
  <Component />
</ContextConsumer>
`;
