// Jest Snapshot v1, https://goo.gl/fbAQLP

exports[`<BookmarkButton /> should match the snapshot 1`] = `
<ContextConsumer>
  <Component />
</ContextConsumer>
`;
