// Jest Snapshot v1, https://goo.gl/fbAQLP

exports[`Rating page should render correctly in "debug" mode 1`] = `
<ContextConsumer>
  <Component />
</ContextConsumer>
`;
