// Jest Snapshot v1, https://goo.gl/fbAQLP

exports[`<Home /> snapshot should match the snapshot 1`] = `
ShallowWrapper {
  Symbol(enzyme.__root__): [Circular],
  Symbol(enzyme.__unrendered__): <WelcomeSection
    debug={true}
  />,
  Symbol(enzyme.__renderer__): Object {
    "batchedUpdates": [Function],
    "getNode": [Function],
    "render": [Function],
    "simulateError": [Function],
    "simulateEvent": [Function],
    "unmount": [Function],
  },
  Symbol(enzyme.__node__): Object {
    "instance": null,
    "key": undefined,
    "nodeType": "host",
    "props": Object {
      "children": Array [
        <div
          className="bg-circle-1 bg-circle"
        />,
        <div
          className="bg-circle-2 bg-circle"
        />,
        <div
          className="bg-circle-3 bg-circle"
        />,
        <div
          className="welcome"
        >
          <h1
            className="text-muted"
          >
            Welcome to Author's Haven!
          </h1>
          <br />
          <h4>
            ''The currency of blogging is authenticity and trust''
            <br />
          </h4>
          <h6>
            <i
              className="text-muted"
            >
              ~ Jason Calacanis
            </i>
          </h6>
        </div>,
      ],
      "className": "col-md-6",
    },
    "ref": null,
    "rendered": Array [
      Object {
        "instance": null,
        "key": undefined,
        "nodeType": "host",
        "props": Object {
          "className": "bg-circle-1 bg-circle",
        },
        "ref": null,
        "rendered": null,
        "type": "div",
      },
      Object {
        "instance": null,
        "key": undefined,
        "nodeType": "host",
        "props": Object {
          "className": "bg-circle-2 bg-circle",
        },
        "ref": null,
        "rendered": null,
        "type": "div",
      },
      Object {
        "instance": null,
        "key": undefined,
        "nodeType": "host",
        "props": Object {
          "className": "bg-circle-3 bg-circle",
        },
        "ref": null,
        "rendered": null,
        "type": "div",
      },
      Object {
        "instance": null,
        "key": undefined,
        "nodeType": "host",
        "props": Object {
          "children": Array [
            <h1
              className="text-muted"
            >
              Welcome to Author's Haven!
            </h1>,
            <br />,
            <h4>
              ''The currency of blogging is authenticity and trust''
              <br />
            </h4>,
            <h6>
              <i
                className="text-muted"
              >
                ~ Jason Calacanis
              </i>
            </h6>,
          ],
          "className": "welcome",
        },
        "ref": null,
        "rendered": Array [
          Object {
            "instance": null,
            "key": undefined,
            "nodeType": "host",
            "props": Object {
              "children": "Welcome to Author's Haven!",
              "className": "text-muted",
            },
            "ref": null,
            "rendered": "Welcome to Author's Haven!",
            "type": "h1",
          },
          Object {
            "instance": null,
            "key": undefined,
            "nodeType": "host",
            "props": Object {},
            "ref": null,
            "rendered": null,
            "type": "br",
          },
          Object {
            "instance": null,
            "key": undefined,
            "nodeType": "host",
            "props": Object {
              "children": Array [
                "''The currency of blogging is authenticity and trust''",
                <br />,
              ],
            },
            "ref": null,
            "rendered": Array [
              "''The currency of blogging is authenticity and trust''",
              Object {
                "instance": null,
                "key": undefined,
                "nodeType": "host",
                "props": Object {},
                "ref": null,
                "rendered": null,
                "type": "br",
              },
            ],
            "type": "h4",
          },
          Object {
            "instance": null,
            "key": undefined,
            "nodeType": "host",
            "props": Object {
              "children": <i
                className="text-muted"
              >
                ~ Jason Calacanis
              </i>,
            },
            "ref": null,
            "rendered": Object {
              "instance": null,
              "key": undefined,
              "nodeType": "host",
              "props": Object {
                "children": "~ Jason Calacanis",
                "className": "text-muted",
              },
              "ref": null,
              "rendered": "~ Jason Calacanis",
              "type": "i",
            },
            "type": "h6",
          },
        ],
        "type": "div",
      },
    ],
    "type": "div",
  },
  Symbol(enzyme.__nodes__): Array [
    Object {
      "instance": null,
      "key": undefined,
      "nodeType": "host",
      "props": Object {
        "children": Array [
          <div
            className="bg-circle-1 bg-circle"
          />,
          <div
            className="bg-circle-2 bg-circle"
          />,
          <div
            className="bg-circle-3 bg-circle"
          />,
          <div
            className="welcome"
          >
            <h1
              className="text-muted"
            >
              Welcome to Author's Haven!
            </h1>
            <br />
            <h4>
              ''The currency of blogging is authenticity and trust''
              <br />
            </h4>
            <h6>
              <i
                className="text-muted"
              >
                ~ Jason Calacanis
              </i>
            </h6>
          </div>,
        ],
        "className": "col-md-6",
      },
      "ref": null,
      "rendered": Array [
        Object {
          "instance": null,
          "key": undefined,
          "nodeType": "host",
          "props": Object {
            "className": "bg-circle-1 bg-circle",
          },
          "ref": null,
          "rendered": null,
          "type": "div",
        },
        Object {
          "instance": null,
          "key": undefined,
          "nodeType": "host",
          "props": Object {
            "className": "bg-circle-2 bg-circle",
          },
          "ref": null,
          "rendered": null,
          "type": "div",
        },
        Object {
          "instance": null,
          "key": undefined,
          "nodeType": "host",
          "props": Object {
            "className": "bg-circle-3 bg-circle",
          },
          "ref": null,
          "rendered": null,
          "type": "div",
        },
        Object {
          "instance": null,
          "key": undefined,
          "nodeType": "host",
          "props": Object {
            "children": Array [
              <h1
                className="text-muted"
              >
                Welcome to Author's Haven!
              </h1>,
              <br />,
              <h4>
                ''The currency of blogging is authenticity and trust''
                <br />
              </h4>,
              <h6>
                <i
                  className="text-muted"
                >
                  ~ Jason Calacanis
                </i>
              </h6>,
            ],
            "className": "welcome",
          },
          "ref": null,
          "rendered": Array [
            Object {
              "instance": null,
              "key": undefined,
              "nodeType": "host",
              "props": Object {
                "children": "Welcome to Author's Haven!",
                "className": "text-muted",
              },
              "ref": null,
              "rendered": "Welcome to Author's Haven!",
              "type": "h1",
            },
            Object {
              "instance": null,
              "key": undefined,
              "nodeType": "host",
              "props": Object {},
              "ref": null,
              "rendered": null,
              "type": "br",
            },
            Object {
              "instance": null,
              "key": undefined,
              "nodeType": "host",
              "props": Object {
                "children": Array [
                  "''The currency of blogging is authenticity and trust''",
                  <br />,
                ],
              },
              "ref": null,
              "rendered": Array [
                "''The currency of blogging is authenticity and trust''",
                Object {
                  "instance": null,
                  "key": undefined,
                  "nodeType": "host",
                  "props": Object {},
                  "ref": null,
                  "rendered": null,
                  "type": "br",
                },
              ],
              "type": "h4",
            },
            Object {
              "instance": null,
              "key": undefined,
              "nodeType": "host",
              "props": Object {
                "children": <i
                  className="text-muted"
                >
                  ~ Jason Calacanis
                </i>,
              },
              "ref": null,
              "rendered": Object {
                "instance": null,
                "key": undefined,
                "nodeType": "host",
                "props": Object {
                  "children": "~ Jason Calacanis",
                  "className": "text-muted",
                },
                "ref": null,
                "rendered": "~ Jason Calacanis",
                "type": "i",
              },
              "type": "h6",
            },
          ],
          "type": "div",
        },
      ],
      "type": "div",
    },
  ],
  Symbol(enzyme.__options__): Object {
    "adapter": ReactSixteenAdapter {
      "options": Object {
        "enableComponentDidUpdateOnSetState": true,
        "lifecycles": Object {
          "componentDidUpdate": Object {
            "onSetState": true,
          },
          "getDerivedStateFromProps": true,
          "getSnapshotBeforeUpdate": true,
          "setState": Object {
            "skipsComponentDidUpdateOnNullish": true,
          },
        },
      },
    },
  },
}
`;
