// Jest Snapshot v1, https://goo.gl/fbAQLP

exports[`<LikeViewContainer /> renders without crashing 1`] = `
<ContextConsumer>
  <Component />
</ContextConsumer>
`;

exports[`<LikesViewContainer /> should match the snapshot 1`] = `
<ContextConsumer>
  <Component />
</ContextConsumer>
`;
